Hitachi Optimizing Linkage Editor (Ver. 7.1.03.000)20-Aug-2022 11:35:38

*** Options ***

-subcommand=C:\Users\calli\AppData\Local\Temp\hmk5CB5.tmp
noprelink
sdebug
rom D=R
nomessage
list "C:\Users\calli\Documents\Github\Wireless-Comunication-between-Casio-Calculators\Casio Application\Debug\FXADDINror.map"
show symbol
nooptimize
start P_TOP,P,C,D,C$VTBL,C$INIT/0300200,B_BR_Size,B,R/08100000
fsymbol P
nologo
input "C:\Users\calli\Documents\Github\Wireless-Comunication-between-Casio-Calculators\Casio Application\Debug\WMCP.obj" "C:\Users\calli\Documents\Github\Wireless-Comunication-between-Casio-Calculators\Casio Application\Debug\syscall.obj"
input "C:\Users\calli\fx-9860G SDK\OS\FX\lib\setup.obj"
library "C:\Users\calli\fx-9860G SDK\OS\FX\lib\fx9860G_library.lib"
output "C:\Users\calli\Documents\Github\Wireless-Comunication-between-Casio-Calculators\Casio Application\Debug\FXADDINror.abs"
-nomessage=1100
end

*** Error information ***

*** Mapping List ***

SECTION                            START      END         SIZE   ALIGN

P_TOP
                                  00300200  0030020b         c   4
P
                                  0030020c  00300cdf       ad4   4
C
                                  00300ce0  00300d27        48   4
D
                                  00300d28  00300d2b         4   4
B_BR_Size
                                  08100000  08100003         4   4
B
                                  08100004  08100007         4   4
R
                                  08100008  0810000b         4   4

*** Symbol List ***

SECTION=
FILE=                               START        END    SIZE
  SYMBOL                            ADDR        SIZE    INFO      COUNTS  OPT

SECTION=P_TOP
FILE=C:\Users\calli\Documents\Github\Wireless-Comunication-between-Casio-Calculators\Casio Application\Debug\WMCP.obj
                                  00300200  0030020b         c
  _InitializeSystem
                                  00300200         c   func ,g         * 

SECTION=P
FILE=C:\Users\calli\Documents\Github\Wireless-Comunication-between-Casio-Calculators\Casio Application\Debug\WMCP.obj
                                  0030020c  0030046f       264
  _OSVersionAsInt
                                  0030020c        3e   func ,g         * 
  _delay
                                  0030024a        10   func ,g         * 
  _CheckKeyRow
                                  0030025a        ee   func ,g         * 
  _KeyDown
                                  00300348        90   func ,g         * 
  _GetKeyMod
                                  003003d8        3c   func ,g         * 
  _AddIn_main
                                  00300414        5c   func ,g         * 
FILE=C:\Users\calli\Documents\Github\Wireless-Comunication-between-Casio-Calculators\Casio Application\Debug\syscall.obj
                                  00300470  0030073f       2d0
  _StartAnyApp
                                  00300470         0   none ,g         * 
  _KBD_PutKey
                                  00300480         0   none ,g         * 
  _Register_Addin
                                  00300490         0   none ,g         * 
  _VRam_Base
                                  003004a0         0   none ,g         * 
  _MCS_SearchDirectoryItem
                                  003004b0         0   none ,g         * 
  _MCS_PutInternalItem
                                  003004c0         0   none ,g         * 
  _MCS_DeleteInternalItem
                                  003004d0         0   none ,g         * 
  _Cursor_SetPosition
                                  003004e0         0   none ,g         * 
  _Cursor_SetFlashStyle
                                  003004f0         0   none ,g         * 
  _Cursor_SetFlashMode
                                  00300500         0   none ,g         * 
  _Cursor_GetSettings
                                  00300510         0   none ,g         * 
  _Cursor_SetFlashOff
                                  00300520         0   none ,g         * 
  _App_CONICS
                                  00300530         0   none ,g         * 
  _App_DYNA
                                  00300540         0   none ,g         * 
  _App_EACT
                                  00300550         0   none ,g         * 
  _App_EQUA
                                  00300560         0   none ,g         * 
  _App_PRGM
                                  00300570         0   none ,g         * 
  _App_FINANCE
                                  00300580         0   none ,g         * 
  _App_GRAPH
                                  00300590         0   none ,g         * 
  _App_LINK
                                  003005a0         0   none ,g         * 
  _App_MEMORY
                                  003005b0         0   none ,g         * 
  _App_RECUR
                                  003005c0         0   none ,g         * 
  _App_RUNMAT
                                  003005d0         0   none ,g         * 
  _App_STAT
                                  003005e0         0   none ,g         * 
  _App_SYSTEM
                                  003005f0         0   none ,g         * 
  _Serial_ReadByte
                                  00300600         0   none ,g         * 
  _Serial_ReadBytes
                                  00300610         0   none ,g         * 
  _Serial_WriteByte
                                  00300620         0   none ,g         * 
  _Serial_WriteBytes
                                  00300630         0   none ,g         * 
  _Serial_WriteByteFIFO
                                  00300640         0   none ,g         * 
  _Serial_GetRxBufferSize
                                  00300650         0   none ,g         * 
  _Serial_GetTxBufferFreeCapacity
                                  00300660         0   none ,g         * 
  _Serial_ClearReceiveBuffer
                                  00300670         0   none ,g         * 
  _Serial_ClearTransmitBuffer
                                  00300680         0   none ,g         * 
  _Serial_Open
                                  00300690         0   none ,g         * 
  _Serial_Close
                                  003006a0         0   none ,g         * 
  _Serial_Peek
                                  003006b0         0   none ,g         * 
  _Serial_IsOpen
                                  003006c0         0   none ,g         * 
  _Setup_GetEntry
                                  003006d0         0   none ,g         * 
  _Setup_SetEntry
                                  003006e0         0   none ,g         * 
  _Setup_GetEntryPtr
                                  003006f0         0   none ,g         * 
  _Alpha_GetData
                                  00300700         0   none ,g         * 
  _Alpha_SetData
                                  00300710         0   none ,g         * 
  _Alpha_ClearAll
                                  00300720         0   none ,g         * 
  _Keyboard_GetPressedKey
                                  00300730         0   none ,g         * 
FILE=C:\Users\calli\fx-9860G SDK\OS\FX\lib\setup.obj
                                  00300740  0030085b       11c
  ___LINK_PROTECT
                                  00300740         4   func ,g         * 
  _SetQuitHandler
                                  00300744         6   func ,g         * 
  _OnAppCloseDefault
                                  0030074a        54   func ,g         * 
  __INITSCT_ADDIN
                                  0030079e        48   func ,g         * 
  _INIT_ADDIN_APPLICATION
                                  003007e6        76   func ,g         * 
FILE=__divls
                                  0030085c  0030090f        b4
  __divls
                                  0030085c         0   none ,g         * 
  divls_zero
                                  003008fa         0   none ,l         * 
  A_errno
                                  00300908         0   none ,l         * 
  n_zerono
                                  0030090c         0   none ,l         * 
FILE=__modls
                                  00300910  003009d7        c8
  __modls
                                  00300910         0   none ,g         * 
  modls_L
                                  003009b6         0   none ,l         * 
  modls_zero
                                  003009c2         0   none ,l         * 
  A_errno
                                  003009d0         0   none ,l         * 
  n_zerono
                                  003009d4         0   none ,l         * 
FILE=memcpy
                                  003009d8  00300a95        be
  _memcpy
                                  003009d8        be   func ,g         * 
FILE=_Bdel_cychdr
                                  00300a98  00300aa7        10
  _Bdel_cychdr
                                  00300a98         0   none ,g         * 
FILE=_Bdisp_AllClr_DDVRAM
                                  00300aa8  00300ab7        10
  _Bdisp_AllClr_DDVRAM
                                  00300aa8         0   none ,g         * 
FILE=_BfileFLS_CloseFile
                                  00300ab8  00300ac7        10
  _BfileFLS_CloseFile
                                  00300ab8         0   none ,g         * 
FILE=_Bkey_Set_RepeatTime_Default
                                  00300ac8  00300ad7        10
  _Bkey_Set_RepeatTime_Default
                                  00300ac8         0   none ,g         * 
FILE=_CallbackAtQuitMainFunction
                                  00300ad8  00300ae7        10
  _CallbackAtQuitMainFunction
                                  00300ad8         0   none ,g         * 
FILE=_flsFindClose
                                  00300ae8  00300af7        10
  _flsFindClose
                                  00300ae8         0   none ,g         * 
FILE=_getkey
                                  00300af8  00300b07        10
  _GetKey
                                  00300af8         0   none ,g         * 
FILE=_GLibAddinAplExecutionCheck
                                  00300b08  00300b17        10
  _GLibAddinAplExecutionCheck
                                  00300b08         0   none ,g         * 
FILE=_Hmem_SetMMU
                                  00300b18  00300b27        10
  _Hmem_SetMMU
                                  00300b18         0   none ,g         * 
FILE=_Print
                                  00300b28  00300b37        10
  _Print
                                  00300b28         0   none ,g         * 
FILE=dispbios
                                  00300b38  00300cad       176
  _PrintMini
                                  00300b38        1c   func ,g         * 
  _locate
                                  00300b54        28   func ,g         * 
  _Bdisp_ReadArea_DD
                                  00300b7c       132   func ,g         * 
FILE=_DD_GET
                                  00300cb0  00300cbf        10
  _DD_GET
                                  00300cb0         0   none ,g         * 
FILE=_locate
                                  00300cc0  00300ccf        10
  _locate_OS
                                  00300cc0         0   none ,g         * 
FILE=_PrintMiniSd
                                  00300cd0  00300cdf        10
  _PrintMiniSd
                                  00300cd0         0   none ,g         * 

SECTION=C
FILE=C:\Users\calli\Documents\Github\Wireless-Comunication-between-Casio-Calculators\Casio Application\Debug\WMCP.obj
                                  00300ce0  00300d13        34
  _sc0015
                                  00300ce0        10   data ,g         * 
FILE=addin_sct
                                  00300d14  00300d27        14
  _B_BGN
                                  00300d14         0   none ,g         * 
  _B_END
                                  00300d18         0   none ,g         * 
  _R_BGN
                                  00300d1c         0   none ,g         * 
  _R_END
                                  00300d20         0   none ,g         * 
  _D_ROM
                                  00300d24         0   none ,g         * 

SECTION=B_BR_Size
FILE=C:\Users\calli\Documents\Github\Wireless-Comunication-between-Casio-Calculators\Casio Application\Debug\WMCP.obj
                                  08100000  08100003         4
  _BR_Size
                                  08100000         4   data ,g         * 

SECTION=B
FILE=_errno
                                  08100004  08100007         4
  __errno
                                  08100004         4   data ,g         * 

SECTION=R
FILE=C:\Users\calli\fx-9860G SDK\OS\FX\lib\setup.obj
                                  08100008  0810000b         4
  _gb_OnAppClose
                                  08100008         4   data ,g         * 

Absolute value symbols
FILE=__divls
  zerodiv
                                  0000044e         0   none ,l         * 
FILE=__modls
  zerodiv
                                  0000044e         0   none ,l         * 
FILE=_Bdel_cychdr
  __JumpTableTOP
                                  80010070         0   none ,l         * 
FILE=_Bdisp_AllClr_DDVRAM
  __JumpTableTOP
                                  80010070         0   none ,l         * 
FILE=_BfileFLS_CloseFile
  __JumpTableTOP
                                  80010070         0   none ,l         * 
FILE=_Bkey_Set_RepeatTime_Default
  __JumpTableTOP
                                  80010070         0   none ,l         * 
FILE=_CallbackAtQuitMainFunction
  __JumpTableTOP
                                  80010070         0   none ,l         * 
FILE=_flsFindClose
  __JumpTableTOP
                                  80010070         0   none ,l         * 
FILE=_getkey
  __JumpTableTOP
                                  80010070         0   none ,l         * 
FILE=_GLibAddinAplExecutionCheck
  __JumpTableTOP
                                  80010070         0   none ,l         * 
FILE=_Hmem_SetMMU
  __JumpTableTOP
                                  80010070         0   none ,l         * 
FILE=_Print
  __JumpTableTOP
                                  80010070         0   none ,l         * 
FILE=_DD_GET
  __JumpTableTOP
                                  80010070         0   none ,l         * 
FILE=_locate
  __JumpTableTOP
                                  80010070         0   none ,l         * 
FILE=_PrintMiniSd
  __JumpTableTOP
                                  80010070         0   none ,l         * 

*** Delete Symbols ***

SYMBOL                                SIZE    INFO

*** Variable Accessible with Abs8 ***

SYMBOL                                SIZE    COUNTS  OPTIMIZE

*** Variable Accessible with Abs16 ***

SYMBOL                                SIZE    COUNTS  OPTIMIZE

*** Function Call ***

SYMBOL                              COUNTS  OPTIMIZE
